java : 错误: 找不到或无法加载主类 com.example.demo.ChargingAlgorithmTest
所在位置 行:1 字符: 1
+ java -cp "target/classes;target/dependency/*" com.example.demo.Chargi ...
+ ~~~~~~~~~~~~~~~~~~~~~~~~~~~~~~~~~~~~~~~~~~~~~~~~~~~~~~~~~~~~~~~~~~~~~
    + CategoryInfo          : NotSpecified: (错误: 找不到或无法加载主类 ...ngAlgorithmTest 
   :String) [], RemoteException
    + FullyQualifiedErrorId : NativeCommandError
 
